// Jest Snapshot v1, https://goo.gl/fbAQLP

exports[`extension functions configuration detected from environment variables 1`] = `
Object {
  "algoliaAPIKey": "",
  "algoliaAppId": "",
  "algoliaIndexName": "",
  "collectionPath": "",
  "fields": "",
}
`;
